commit ecbb3866486df3eafe1402ef94ca91394e246345
Author: xinhua.ye <xinhua.ye@sigmastar.com.cn>
Date:   Wed Apr 21 16:07:36 2021 +0800

    [ssd20x][kernel]Add nor flash:XM25QH128B & XM25QH128C
    
    [rootcause]:NA
    [solution]:NA
    [sideeffect]:NA
    [selftestlist]:
    1.NA
    2.NA
    3.NA
    [selftestresult]: P
    [ticket]: mantis_1693195
    [redflag]: N
    
    Change-Id: I7238ff3e838a0352fcd104c0ff6501929108979b

diff --git a/drivers/sstar/flash_isp/drvDeviceInfo.c b/drivers/sstar/flash_isp/drvDeviceInfo.c
index bca9fb8..5bbc89c 100755
--- a/drivers/sstar/flash_isp/drvDeviceInfo.c
+++ b/drivers/sstar/flash_isp/drvDeviceInfo.c
@@ -408,6 +408,44 @@ ST_WRITE_PROTECT _pstWriteProtectTable_W25Q32BV_CMP1[] =
     {   BITS(6:2, 0x1C),   BMASK(6:2),   0x00008000,     0x003FFFFF  },
 };
 
+static ST_WRITE_PROTECT _pstWriteProtectTable_XM25QH128C[] =
+{
+    //   BPX,                    Lower Bound         Upper Bound
+    {   BITS(6:2, 0X00),   BMASK(6:2),   0xFFFFFFFF,     0xFFFFFFFF  },
+    {   BITS(6:2, 0X01),   BMASK(6:2),   0x00FC0000,     0x00FFFFFF  },
+    {   BITS(6:2, 0X02),   BMASK(6:2),   0x00F80000,     0x00FFFFFF  },
+    {   BITS(6:2, 0X03),   BMASK(6:2),   0x00F00000,     0x00FFFFFF  },
+    {   BITS(6:2, 0X04),   BMASK(6:2),   0x00E00000,     0x00FFFFFF  },
+    {   BITS(6:2, 0X05),   BMASK(6:2),   0x00C00000,     0x00FFFFFF  },
+    {   BITS(6:2, 0X06),   BMASK(6:2),   0x00800000,     0x00FFFFFF  },
+    {   BITS(6:2, 0X07),   BMASK(6:2),   0x00000000,     0x00FFFFFF  },
+    {   BITS(6:2, 0X08),   BMASK(6:2),   0xFFFFFFFF,     0xFFFFFFFF  },
+    {   BITS(6:2, 0X09),   BMASK(6:2),   0x00000000,     0x0003FFFF  },
+    {   BITS(6:2, 0X0A),   BMASK(6:2),   0x00000000,     0x0007FFFF  },
+    {   BITS(6:2, 0X0B),   BMASK(6:2),   0x00000000,     0x000FFFFF  },
+    {   BITS(6:2, 0X0C),   BMASK(6:2),   0x00000000,     0x001FFFFF  },
+    {   BITS(6:2, 0X0D),   BMASK(6:2),   0x00000000,     0x003FFFFF  },
+    {   BITS(6:2, 0X0E),   BMASK(6:2),   0x00000000,     0x007FFFFF  },
+    {   BITS(6:2, 0X0F),   BMASK(6:2),   0x00000000,     0x00FFFFFF  },
+
+    {   BITS(6:2, 0X10),   BMASK(6:2),   0xFFFFFFFF,     0xFFFFFFFF  },
+    {   BITS(6:2, 0X11),   BMASK(6:2),   0x00000000,     0x00FBFFFF  },
+    {   BITS(6:2, 0X12),   BMASK(6:2),   0x00000000,     0x00F7FFFF  },
+    {   BITS(6:2, 0X13),   BMASK(6:2),   0x00000000,     0x00EFFFFF  },
+    {   BITS(6:2, 0X14),   BMASK(6:2),   0x00000000,     0x00DFFFFF  },
+    {   BITS(6:2, 0X15),   BMASK(6:2),   0x00000000,     0x00BFFFFF  },
+    {   BITS(6:2, 0X16),   BMASK(6:2),   0x00000000,     0x007FFFFF  },
+    {   BITS(6:2, 0X17),   BMASK(6:2),   0x00000000,     0x00FFFFFF  },
+    {   BITS(6:2, 0X18),   BMASK(6:2),   0xFFFFFFFF,     0xFFFFFFFF  },
+    {   BITS(6:2, 0X19),   BMASK(6:2),   0x00040000,     0x00FFFFFF  },
+    {   BITS(6:2, 0X1A),   BMASK(6:2),   0x00080000,     0x00FFFFFF  },
+    {   BITS(6:2, 0X1B),   BMASK(6:2),   0x00100000,     0x00FFFFFF  },
+    {   BITS(6:2, 0X1C),   BMASK(6:2),   0x00200000,     0x00FFFFFF  },
+    {   BITS(6:2, 0X1D),   BMASK(6:2),   0x00400000,     0x00FFFFFF  },
+    {   BITS(6:2, 0X1E),   BMASK(6:2),   0x00800000,     0x00FFFFFF  },
+    {   BITS(6:2, 0X1F),   BMASK(6:2),   0x00000000,     0x00FFFFFF  },
+
+};
 ST_WRITE_PROTECT _pstWriteProtectTable_W25Q128[] =
 {
     //   BPX,                    Lower Bound         Upper Bound
@@ -1323,6 +1361,8 @@ hal_SERFLASH_t _hal_SERFLASH_table[] =   // Need to Add more sample for robust
     { FLASH_IC_ZB25VQ128,    MID_ZB,     0x40,   0x18,     _pstWriteProtectTable_ZB25VQ128,     NULL,                       0x1000000,  256,    SIZE_64KB,  256,    50,     BITS(5:2, 0x0F),    ISP_DEV_ST,     ISP_SPI_ENDIAN_LITTLE, {E_SPI_86M  , E_QUAD_MODE}, TRUE,  TRUE},
     { FLASH_IC_25Q128AS,    MID_25Q,    0X40,   0X18,   NULL,                                 NULL,                       0x1000000,  256,    SIZE_64KB,  256,    50,     BITS(5:2, 0x0F),    ISP_DEV_PMC,    ISP_SPI_ENDIAN_LITTLE, {E_SPI_54M  , E_SINGLE_MODE},  TRUE,   TRUE},
     { FLASH_IC_XM25QH128A,  MID_XMC,        0x70,   0x18,   _pstWriteProtectTable_XM25QH128A,     NULL,                       0x1000000,  256,    SIZE_64KB,  256,    50,    BITS(6:2, 0x1F),    ISP_DEV_NEXTFLASH,  ISP_SPI_ENDIAN_LITTLE, {E_SPI_86M  , E_DUAL_AD_MODE}, TRUE,   TRUE},
+    { FLASH_IC_XM25QH128B,  MID_XMC,        0x60,   0x18,   NULL,                                 NULL,                       0x1000000,  256,    SIZE_64KB,  256,    50,     BITS(5:2, 0x0F),    ISP_DEV_NEXTFLASH,  ISP_SPI_ENDIAN_LITTLE, {E_SPI_86M  , E_DUAL_AD_MODE}, TRUE,   TRUE},
+    { FLASH_IC_XM25QH128C,  MID_XMC,        0X40,   0X18,   _pstWriteProtectTable_XM25QH128C,     NULL,                       0x1000000,  256,    SIZE_64KB,  256,    50,     BITS(6:2, 0x0F),    ISP_DEV_NEXTFLASH,  ISP_SPI_ENDIAN_LITTLE, {E_SPI_86M  , E_DUAL_AD_MODE}, TRUE,   TRUE},
     { FLASH_IC_XM25QH256B,  MID_XMC,        0x60,   0x19,   _pstWriteProtectTable_XM25QH256B,  NULL,                      0x2000000,  512,    SIZE_64KB,  256,    50,    BITS(5:2, 0x0F),    ISP_DEV_NEXTFLASH,  ISP_SPI_ENDIAN_LITTLE, {E_SPI_86M  , E_DUAL_AD_MODE}, TRUE,   TRUE},
     { FLASH_IC_XT25F128B,   MID_XTX,    0x40,   0x18,   _pstWriteProtectTable_XT25F128B,      NULL,                       0x1000000,  256,    SIZE_64KB,  256,    50,    BITS(6:2, 0x1F),    ISP_DEV_PMC,        ISP_SPI_ENDIAN_LITTLE, {E_SPI_86M  , E_FAST_MODE},    TRUE,   TRUE},
 
diff --git a/drivers/sstar/flash_isp/drvDeviceInfo.h b/drivers/sstar/flash_isp/drvDeviceInfo.h
index 631285c..a403e84 100755
--- a/drivers/sstar/flash_isp/drvDeviceInfo.h
+++ b/drivers/sstar/flash_isp/drvDeviceInfo.h
@@ -142,6 +142,8 @@
 #define FLASH_IC_25Q128AS       0x1100UL       // 25q128as
 
 #define FLASH_IC_XM25QH128A     0x1200UL
+#define FLASH_IC_XM25QH128B   0x1204UL      // 16M
+#define FLASH_IC_XM25QH128C   0x1205UL      // 16M
 #define FLASH_IC_XM25QH256B     0x1201UL
 
 //XTX
