diff --git a/drivers/sstar/serial/ms_uart.c b/drivers/sstar/serial/ms_uart.c
index 7ff405d..43c8410 100755
--- a/drivers/sstar/serial/ms_uart.c
+++ b/drivers/sstar/serial/ms_uart.c
@@ -48,6 +48,7 @@
 #define CONSOLE_DMA             1
 #define DEBUG_PAD_MUX           0
 
+#define SUPPORT_TX_LEVEL        1
 #define UART_DEBUG 0
 #define MS_UART_8250_BUG_THRE 0
 #define UART_BUG_THRE	(1 << 3)	/* UART has buggy THRE reassertion */
@@ -92,6 +93,11 @@
 #define UART_IER_THRI           0x02    /* Transmitter Holding Register Empty Interrupt */
 #define UART_IER_RLSI           0x04    /* Receiver Line Status Interrupt */
 #define UART_IER_MSI            0x08    /* Modem Status Interrupt */
+#if SUPPORT_TX_LEVEL
+    #define UART_IER_PTHRI          0x80    /* Programmable THRE Interrupt */
+#else
+    #define UART_IER_PTHRI          0x00    /* Don't Set Programmable THRE Interrupt */
+#endif
 
 /* Interrupt Identification Register (IIR) */
 #define UART_IIR_MSI            0x00    /* 0000: Modem Status */
@@ -545,19 +551,14 @@ static int ms_uart_rs485_config(struct uart_port *port,
 void inline ms_uart_clear_fifos(struct uart_port *p)
 {
     unsigned int timeout=0;
-
     while( ((INREG8(REG_USR(p)) & UART_USR_BUSY)) && timeout < 2000)
     {
+        udelay(2);
+        OUTREG8(REG_IIR_FCR(p), UART_FCR_FIFO_ENABLE | UART_FCR_CLEAR_RCVR | UART_FCR_CLEAR_XMIT);
         timeout++;
-        INREG16(REG_DLL_THR_RBR(p));
     }
     if(timeout == 2000)
-    {
-        printk("[UART] clear fifos timeout!!!\n");
-    }
-    OUTREG8(REG_IIR_FCR(p), UART_FCR_FIFO_ENABLE);
-    OUTREG8(REG_IIR_FCR(p), UART_FCR_FIFO_ENABLE | UART_FCR_CLEAR_RCVR | UART_FCR_CLEAR_XMIT);
-    OUTREG8(REG_IIR_FCR(p), 0);
+        UART_ERR("Clean FIFO failed, buad rate set may failed\n");
 }
 
 static u8 u8SelectPad[] = { 2, 3, 1, 4 };
@@ -590,14 +591,11 @@ void ms_force_rx_disable(u8 padmux, BOOL status)
 {
     switch(padmux)  //set 0 for disable, 1 for enable
     {
-        case MUX_PM_UART:
-            OUTREGMSK16(REG_FORCE_RX_DISABLE, (~status) << 2, 1 << 2);
-            break;
         case MUX_FUART:
-            OUTREGMSK16(REG_FORCE_RX_DISABLE, (~status) << 0, 1 << 0);
+            OUTREGMSK16(REG_FORCE_RX_DISABLE, (~status) << 1, 1 << 1);
             break;
         case MUX_UART0:
-            OUTREGMSK16(REG_FORCE_RX_DISABLE, (~status) << 1, 1 << 1);
+            OUTREGMSK16(REG_FORCE_RX_DISABLE, (~status) << 2, 1 << 2);
             break;
         case MUX_UART1:
             OUTREGMSK16(REG_FORCE_RX_DISABLE, (~status) << 3, 1 << 3);
@@ -709,6 +707,17 @@ void ms_uart_set_divisor(struct uart_port *p, u16 divisor)
 
 static void ms_uart_console_putchar(struct uart_port *p, s32 ch)
 {
+#if SUPPORT_TX_LEVEL
+    u8  usr_u8  = 0;    /* UART Status Register (USR) */
+    /* Check if Transmit FIFO full */
+    /* We always enable FIFO mode */
+
+    usr_u8 = INREG8(REG_USR(p));
+    while(!(usr_u8 & UART_USR_TXFIFO_NOT_FULL))
+    {
+        usr_u8 = INREG8(REG_USR(p));
+    }
+#else
     u8  lsr_u8  = 0;    /* Line Status Register (LSR) */
 
     /* Check if Transmit FIFO full */
@@ -719,7 +728,7 @@ static void ms_uart_console_putchar(struct uart_port *p, s32 ch)
     {
         lsr_u8 = INREG8(REG_LSR(p));
     }
-
+#endif
     OUTREG8(REG_DLL_THR_RBR(p),ch);
 
     /* Check if both TX FIFO buffer & shift register are empty */
@@ -777,7 +786,7 @@ static s32 _ms_uart_console_prepare(int idx)
 
     console_port.port.ops=&ms_uart_ops;
     console_port.port.regshift = 0;
-    console_port.port.fifosize = 16;
+    console_port.port.fifosize = 32; //HW FIFO is 32Bytes
     console_port.port.cons=&ms_uart_console;
 
     console_port.port.line= idx;
@@ -884,6 +893,9 @@ static void ms_uart_console_write(struct console *co, const char *str, u32 count
     struct uart_port *p;
     unsigned long flags;
     int locked = 1;
+#if SUPPORT_TX_LEVEL
+    unsigned int step_count;
+#endif
 
     if( (!str )|| co->index>=NR_CONSOLE_PORTS || co->index < 0)
     {
@@ -893,6 +905,37 @@ static void ms_uart_console_write(struct console *co, const char *str, u32 count
     mp = &console_port;
     p = &(mp->port);
 
+#if SUPPORT_TX_LEVEL
+    while(count)        //shorten the time of interrupt closed by console log need verify
+    {
+        if(count < 16)
+        {
+            step_count = count;
+            count = 0;
+        }
+        else
+        {
+            step_count = 16;
+            count -= 16;
+        }
+
+        if (p->sysrq || oops_in_progress)
+            locked = spin_trylock_irqsave(&p->lock, flags);
+        else
+            spin_lock_irqsave(&p->lock, flags);
+
+        if(!mp->use_dma)
+            uart_console_write(p, str, step_count, ms_uart_console_putchar);
+        else if (mp->urdma)
+        {
+            uart_console_write(p, str, step_count, ms_uart_console_putchar_dma);
+        }
+
+        if (locked)
+            spin_unlock_irqrestore(&p->lock, flags);
+        str += step_count;
+    }
+#else
     if (p->sysrq || oops_in_progress)
         locked = spin_trylock_irqsave(&p->lock, flags);
     else
@@ -907,7 +950,7 @@ static void ms_uart_console_write(struct console *co, const char *str, u32 count
 
     if (locked)
         spin_unlock_irqrestore(&p->lock, flags);
-
+#endif
     return;
 }
 
@@ -947,6 +990,9 @@ static void ms_uart_console_write(struct console *co, const char *str, u32 count
     struct uart_port *p;
     unsigned long flags;
     int locked = 1;
+#if SUPPORT_TX_LEVEL
+    unsigned int step_count;
+#endif
 
     if( (!str )|| co->index>=NR_CONSOLE_PORTS || co->index < 0)
     {
@@ -956,6 +1002,37 @@ static void ms_uart_console_write(struct console *co, const char *str, u32 count
     mp = console_ports[co->index];
     p = &(mp->port);
 
+#if SUPPORT_TX_LEVEL
+    while(count)        //shorten the time of interrupt closed by console log need verify
+    {
+        if(count < 16)
+        {
+            step_count = count;
+            count = 0;
+        }
+        else
+        {
+            step_count = 16;
+            count -= 16;
+        }
+
+        if (p->sysrq || oops_in_progress)
+            locked = spin_trylock_irqsave(&p->lock, flags);
+        else
+            spin_lock_irqsave(&p->lock, flags);
+
+        if(!mp->use_dma)
+            uart_console_write(p, str, step_count, ms_uart_console_putchar);
+        else if (mp->urdma)
+        {
+            uart_console_write(p, str, step_count, ms_uart_console_putchar_dma);
+        }
+
+        if (locked)
+            spin_unlock_irqrestore(&p->lock, flags);
+        str += step_count;
+    }
+#else
     if (p->sysrq || oops_in_progress)
         locked = spin_trylock_irqsave(&p->lock, flags);
     else
@@ -966,7 +1043,7 @@ static void ms_uart_console_write(struct console *co, const char *str, u32 count
 
     if (locked)
         spin_unlock_irqrestore(&p->lock, flags);
-
+#endif
     return;
 }
 
@@ -1065,10 +1142,10 @@ static void ms_uart_stop_tx(struct uart_port *p)
 #if UART_USE_SPINLOCK
         unsigned long flags;
         spin_lock_irqsave(&p->lock, flags);
-        CLRREG8(REG_DLH_IER(p), UART_IER_THRI);
+        CLRREG8(REG_DLH_IER(p), UART_IER_THRI | UART_IER_PTHRI);
         spin_unlock_irqrestore(&p->lock, flags);
 #else
-        CLRREG8(REG_DLH_IER(p), UART_IER_THRI);
+        CLRREG8(REG_DLH_IER(p), UART_IER_THRI | UART_IER_PTHRI); //set PTHRI to enable tx_trigger lever
     //NOTE: Read IIR to clear dummy THRI after disable THRI occurred at ZEBU -- Spade
         INREG8(REG_IIR_FCR(p));
 #endif
@@ -1122,10 +1199,10 @@ static void ms_uart_start_tx(struct uart_port *p)
 #if UART_USE_SPINLOCK
         unsigned long flags;
         spin_lock_irqsave(&p->lock, flags);
-        SETREG8(REG_DLH_IER(p), UART_IER_THRI);
+        SETREG8(REG_DLH_IER(p), UART_IER_THRI | UART_IER_PTHRI);
         spin_unlock_irqrestore(&p->lock, flags);
 #else
-        SETREG8(REG_DLH_IER(p), UART_IER_THRI);
+        SETREG8(REG_DLH_IER(p), UART_IER_THRI | UART_IER_PTHRI); //set PTHRI to enable tx_trigger lever
 #endif
     }
     else
@@ -1238,11 +1315,11 @@ static void ms_do_xmit_task(unsigned long port_address)
     {
         unsigned long flags;
         spin_lock_irqsave(&p->lock, flags);
-        SETREG8(REG_DLH_IER(p), UART_IER_THRI);
+        SETREG8(REG_DLH_IER(p), UART_IER_THRI | UART_IER_PTHRI);
         spin_unlock_irqrestore(&p->lock, flags);
     }
 #else
-    SETREG8(REG_DLH_IER(p), UART_IER_THRI);
+    SETREG8(REG_DLH_IER(p), UART_IER_THRI | UART_IER_PTHRI);
 #endif
     return;
 }
@@ -1513,7 +1590,7 @@ static irqreturn_t ms_uart_interrupt(s32 irq, void *dev_id)
         /* Read Interrupt Identification Register */
         iir_fcr = INREG8(REG_IIR_FCR(p)) & UART_IIR_ID_MASK;
 
-        if( (iir_fcr == UART_IIR_RDI || iir_fcr == UART_IIR_RX_TIMEOUT) ) /* Receive Data Available or Character timeout */
+        if( (iir_fcr == UART_IIR_RDI || iir_fcr == UART_IIR_RX_TIMEOUT || iir_fcr == UART_IIR_RLSI) ) /* Receive Data Available or Character timeout or Receiver line status */
         {
             ms_getchar(p);
         }
@@ -1523,10 +1600,10 @@ static irqreturn_t ms_uart_interrupt(s32 irq, void *dev_id)
         #if UART_USE_SPINLOCK
             unsigned long flags=0;
             spin_lock_irqsave(&p->lock, flags);
-            CLRREG8(REG_DLH_IER(p), UART_IER_THRI);
+            CLRREG8(REG_DLH_IER(p), UART_IER_THRI | UART_IER_PTHRI);
             spin_unlock_irqrestore(&p->lock, flags);
         #else
-            CLRREG8(REG_DLH_IER(p), UART_IER_THRI);
+            CLRREG8(REG_DLH_IER(p), UART_IER_THRI | UART_IER_PTHRI);
         #endif
 
             tasklet_schedule(&mp->xmit_tasklet);
@@ -1557,11 +1634,11 @@ static irqreturn_t ms_uart_interrupt(s32 irq, void *dev_id)
                 UART_ERR("UART Interrupt: UART_IIR_BUSY\n");
 
         }
-        else if( iir_fcr == UART_IIR_RLSI ) /* Receiver line status */
-        {
-            // Read LSR to clear
-            INREG8(REG_LSR(p));
-        }
+//        else if( iir_fcr == UART_IIR_RLSI ) /* Receiver line status */
+//        {
+//            // Read LSR to clear          //for recognize break signal
+//            INREG8(REG_LSR(p));
+//        }
         else if( iir_fcr == UART_IIR_NO_INT ) /* No pending interrupts */
         {
             while( ((INREG8(REG_USR(p)) & UART_USR_BUSY) == UART_USR_BUSY) && (count < retry))
@@ -1604,8 +1681,8 @@ static void serial8250_backup_timeout(unsigned long data)
     if ((iir & UART_IIR_NO_INT) && (ier & UART_IER_THRI) &&
             (!uart_circ_empty(&up->port.state->xmit) || up->port.x_char) &&
             (lsr & UART_LSR_THRE)) {
-        CLRREG8(REG_DLH_IER((&up->port)), UART_IER_THRI);
-        SETREG8(REG_DLH_IER((&up->port)), UART_IER_THRI);
+        CLRREG8(REG_DLH_IER((&up->port)), UART_IER_THRI | UART_IER_PTHRI);
+        SETREG8(REG_DLH_IER((&up->port)), UART_IER_THRI | UART_IER_PTHRI);
         gu32_console_bug_thre_hits++;
         ms_putchar((&up->port));
     }
@@ -1842,15 +1919,22 @@ static void ms_uart_set_termios(struct uart_port *p, struct ktermios *pTermios_s
         /* Parity Disable */
         uartflag &= (~UART_LCR_PARITY_EN);
     }
-    OUTREG8(REG_LCR(p), uartflag);
+    if(INREG8(REG_LCR(p)) != uartflag)
+    {
+        ms_uart_clear_fifos(p);
+        OUTREG8(REG_LCR(p), uartflag);
+    }
 
     //NOTE: we are going to set LCR, be carefully here
-    baudrate = uart_get_baud_rate(p, pTermios_st, pOld_st, 0, 115200 * 14);
-    divisor = ms_uart_set_clk(p, baudrate);
-    if(divisor)
-        ms_uart_set_divisor(p, divisor);
+    if (!pOld_st || (tty_termios_baud_rate(pOld_st) != tty_termios_baud_rate(pTermios_st))) {
+        baudrate = uart_get_baud_rate(p, pTermios_st, pOld_st, 0, 115200 * 14);
+        divisor = ms_uart_set_clk(p, baudrate);
+        if(divisor) {
+            ms_uart_set_divisor(p, divisor);
+        }
+    }
 
-    OUTREG8(REG_IIR_FCR(p), UART_FCR_FIFO_ENABLE | UART_FCR_TRIGGER_TX_L0 | UART_FCR_TRIGGER_RX_L0);
+    OUTREG8(REG_IIR_FCR(p), UART_FCR_FIFO_ENABLE | UART_FCR_TRIGGER_TX_L1 | UART_FCR_TRIGGER_RX_L0);
     INREG8(REG_DLL_THR_RBR(p));
 
     if(p->dev != NULL){
@@ -2118,7 +2202,7 @@ dma_err:
     mp->port.dev = &pdev->dev;
     mp->port.ops=&ms_uart_ops;
     mp->port.regshift = 0;
-    mp->port.fifosize = 16;
+    mp->port.fifosize = 32; //HW FIFO is 32Bytes
     mp->port.timeout  =HZ;
     mp->port.iotype=UPIO_MEM;
     mp->port.rs485_config = ms_uart_rs485_config;
