commit 5936a5cf2fd67824b8a96987b516e8e7becc64b2
Author: xinhua.ye <xinhua.ye@sigmastar.com.cn>
Date:   Wed Apr 21 16:57:09 2021 +0800

    [ssd20x][kernel]Add nor flash:XM25QH128C
    
    [rootcause]:NA
    [solution]:NA
    [sideeffect]:NA
    [selftestlist]:
    1.NA
    2.NA
    3.NA
    [selftestresult]: P
    [ticket]: mantis_1693195
    [redflag]: N
    
    Change-Id: Ia97a23383bebe34e63421eff9987fde01654d4af

diff --git a/drivers/mstar/flash_isp/drvDeviceInfo.c b/drivers/mstar/flash_isp/drvDeviceInfo.c
index a370d0f..45da4de 100755
--- a/drivers/mstar/flash_isp/drvDeviceInfo.c
+++ b/drivers/mstar/flash_isp/drvDeviceInfo.c
@@ -694,6 +694,47 @@ static ST_WRITE_PROTECT _pstWriteProtectTable_XM25QH128A[] =
    
 };
 
+
+static ST_WRITE_PROTECT _pstWriteProtectTable_XM25QH128C[] =
+{
+    //   BPX,                    Lower Bound         Upper Bound
+    {   BITS(6:2, 0X00),   0xFFFFFFFF,     0xFFFFFFFF  },
+    {   BITS(6:2, 0X01),   0x00FC0000,     0x00FFFFFF  },
+    {   BITS(6:2, 0X02),   0x00F80000,     0x00FFFFFF  },
+    {   BITS(6:2, 0X03),   0x00F00000,     0x00FFFFFF  },
+    {   BITS(6:2, 0X04),   0x00E00000,     0x00FFFFFF  },
+    {   BITS(6:2, 0X05),   0x00C00000,     0x00FFFFFF  },
+    {   BITS(6:2, 0X06),   0x00800000,     0x00FFFFFF  },
+    {   BITS(6:2, 0X07),   0x00000000,     0x00FFFFFF  },
+    {   BITS(6:2, 0X08),   0xFFFFFFFF,     0xFFFFFFFF  },
+    {   BITS(6:2, 0X09),   0x00000000,     0x0003FFFF  },
+    {   BITS(6:2, 0X0A),   0x00000000,     0x0007FFFF  },
+    {   BITS(6:2, 0X0B),   0x00000000,     0x000FFFFF  },
+    {   BITS(6:2, 0X0C),   0x00000000,     0x001FFFFF  },
+    {   BITS(6:2, 0X0D),   0x00000000,     0x003FFFFF  },
+    {   BITS(6:2, 0X0E),   0x00000000,     0x007FFFFF  },
+    {   BITS(6:2, 0X0F),   0x00000000,     0x00FFFFFF  },
+
+    {   BITS(6:2, 0X10),   0xFFFFFFFF,     0xFFFFFFFF  },
+    {   BITS(6:2, 0X11),   0x00000000,     0x00FBFFFF  },
+    {   BITS(6:2, 0X12),   0x00000000,     0x00F7FFFF  },
+    {   BITS(6:2, 0X13),   0x00000000,     0x00EFFFFF  },
+    {   BITS(6:2, 0X14),   0x00000000,     0x00DFFFFF  },
+    {   BITS(6:2, 0X15),   0x00000000,     0x00BFFFFF  },
+    {   BITS(6:2, 0X16),   0x00000000,     0x007FFFFF  },
+    {   BITS(6:2, 0X17),   0x00000000,     0x00FFFFFF  },
+    {   BITS(6:2, 0X18),   0xFFFFFFFF,     0xFFFFFFFF  },
+    {   BITS(6:2, 0X19),   0x00040000,     0x00FFFFFF  },
+    {   BITS(6:2, 0X1A),   0x00080000,     0x00FFFFFF  },
+    {   BITS(6:2, 0X1B),   0x00100000,     0x00FFFFFF  },
+    {   BITS(6:2, 0X1C),   0x00200000,     0x00FFFFFF  },
+    {   BITS(6:2, 0X1D),   0x00400000,     0x00FFFFFF  },
+    {   BITS(6:2, 0X1E),   0x00800000,     0x00FFFFFF  },
+    {   BITS(6:2, 0X1F),   0x00000000,     0x00FFFFFF  },
+
+};
+
+
 static ST_WRITE_PROTECT _pstWriteProtectTable_XM25QH64A[] =
 {
     //   BPX,                    Lower Bound         Upper Bound
@@ -1670,7 +1711,8 @@ hal_SERFLASH_t _hal_SERFLASH_table[] =   // Need to Add more sample for robust
 	{ FLASH_IC_XM25QH128A,	MID_XMC,	    0x70,	0x18,	_pstWriteProtectTable_XM25QH128A,     NULL,                       0x1000000,  256,	  SIZE_64KB,  256,	  50,	 BITS(6:2, 0x1F),	 ISP_DEV_NEXTFLASH,	 ISP_SPI_ENDIAN_LITTLE, {E_SPI_86M  , E_DUAL_AD_MODE}, TRUE,   TRUE},   //aaron add
 	{ FLASH_IC_XM25QH64A,	MID_XMC,	    0x70,	0x17,	_pstWriteProtectTable_XM25QH64A,      NULL,                       0x800000,	  128,	  SIZE_64KB,  256,	  50,	 BITS(6:2, 0x1F),	 ISP_DEV_NEXTFLASH,	 ISP_SPI_ENDIAN_LITTLE, {E_SPI_86M  , E_DUAL_AD_MODE}, TRUE,   TRUE},	//aaron add
 	{ FLASH_IC_XM25QH128B,	MID_XMC,	    0x60,	0x18,	NULL,                                 NULL,                       0x1000000,  256,	  SIZE_64KB,  256,	  50,	 BITS(5:2, 0x0F),	 ISP_DEV_NEXTFLASH,	 ISP_SPI_ENDIAN_LITTLE, {E_SPI_86M  , E_DUAL_AD_MODE}, TRUE,   TRUE},
-    { FLASH_IC_XM25QH64B,	MID_XMC,	    0x60,	0x17,	NULL,                                 NULL,                       0x1000000,  256,	  SIZE_64KB,  256,	  50,	 BITS(5:2, 0x0F),	 ISP_DEV_NEXTFLASH,	 ISP_SPI_ENDIAN_LITTLE, {E_SPI_86M  , E_DUAL_AD_MODE}, TRUE,   TRUE},
+	{ FLASH_IC_XM25QH128C,	MID_XMC,	    0x40,	0x18,	_pstWriteProtectTable_XM25QH128C,     NULL,                       0x1000000,  256,	  SIZE_64KB,  256,	  50,	 BITS(5:2, 0x0F),	 ISP_DEV_NEXTFLASH,	 ISP_SPI_ENDIAN_LITTLE, {E_SPI_86M  , E_DUAL_AD_MODE}, TRUE,   TRUE},
+	{ FLASH_IC_XM25QH64B,	MID_XMC,	    0x60,	0x17,	NULL,                                 NULL,                       0x1000000,  256,	  SIZE_64KB,  256,	  50,	 BITS(5:2, 0x0F),	 ISP_DEV_NEXTFLASH,	 ISP_SPI_ENDIAN_LITTLE, {E_SPI_86M  , E_DUAL_AD_MODE}, TRUE,   TRUE},
     { FLASH_IC_XM25QH256B,  MID_XMC,        0x60,   0x19,   _pstWriteProtectTable_XM25QH256B,  NULL,                      0x2000000,  512,    SIZE_64KB,  256,    50,    BITS(5:2, 0x0F),    ISP_DEV_NEXTFLASH,  ISP_SPI_ENDIAN_LITTLE, {E_SPI_86M  , E_DUAL_AD_MODE}, TRUE,   TRUE},
     { FLASH_IC_25Q128AS,    MID_25Q,    0X40,   0X18,   NULL,                                 NULL,                       0x1000000,  256,    SIZE_64KB,  256,    50,    BITS(5:2, 0x0F),    ISP_DEV_PMC,        ISP_SPI_ENDIAN_LITTLE, {E_SPI_54M  , E_SINGLE_MODE},  TRUE,   TRUE},
 };
diff --git a/drivers/mstar/flash_isp/drvDeviceInfo.h b/drivers/mstar/flash_isp/drvDeviceInfo.h
index 8342d0b..5e4aa98 100755
--- a/drivers/mstar/flash_isp/drvDeviceInfo.h
+++ b/drivers/mstar/flash_isp/drvDeviceInfo.h
@@ -133,6 +133,7 @@
 #define FLASH_IC_XM25QH64A       0x0C07UL      // 8M aaron add
 #define FLASH_IC_XM25QH128B      0x0C08UL      // 16M
 #define FLASH_IC_XM25QH64B       0x0C09UL      // 8M
+#define FLASH_IC_XM25QH128C      0x0C0AUL      // 16M
 #define FLASH_IC_XM25QH256B      0x0C10UL      //32M
 // AM
 #define FLASH_IC_A25LM032        0x0D00UL
